// Jest Snapshot v1, https://goo.gl/fbAQLP

exports[`🚪 Core > PersistGate: basic functionality renders loader and children after rehydration with async storage 1`] = `<div />`;

exports[`🚪 Core > PersistGate: basic functionality renders loader and children after rehydration with sync storage 1`] = `<div />`;
